﻿[36mvite v8.0.0 [32mbuilding client environment for production...[36m[39m
[2K
transforming...Γ£ô 206 modules transformed.
node.exe : 
[33m[lightningcss minify] 
Unknown at rule: @tailwind
At line:1 char:1
+ & "D:\/node.exe" "D:\/node_
modules/npm/bin/npx-cli.js" 
vite build
+ ~~~~~~~~~~~~~~~~~~~~~~~~~~~
~~~~~~~~~~~~~~~~~~~~~~~~~~~~~
~~~~~~~~~
    + CategoryInfo           
   : NotSpecified: ([33m[l  
  ightning...rule: @tailwi   
 nd:String) [], RemoteExc    
eption
    + FullyQualifiedErrorId  
   : NativeCommandError
 
1  |  @tailwind base;
   |           ^
2  |  @tailwind components;
3  |  @tailwind 
utilities;[39m
[33m[lightningcss minify] 
Unknown at rule: @tailwind
1  |  @tailwind base;
2  |  @tailwind components;
   |           ^
3  |  @tailwind utilities;
4  |  [39m
[33m[lightningcss minify] 
Unknown at rule: @tailwind
1  |  @tailwind base;
2  |  @tailwind components;
3  |  @tailwind utilities;
   |           ^
4  |  [39m
rendering chunks...
computing gzip size...
dist/index.html                   0.46 kB Γöé gzip:  0.30 kB
dist/assets/index-C6G_3qQV.css    0.05 kB Γöé gzip:  0.06 kB
dist/assets/index-BTH39Ds6.js   253.89 kB Γöé gzip: 80.27 kB

[31mΓ£ù[39m Build failed 
in 188ms
[31merror during build:
[31mBuild failed with 1 
error:

Error: [vite]: Rolldown 
failed to resolve import 
"motion-dom" from "C:/Users/a
kils/OneDrive/Desktop/career 
dev/career dev/node_modules/f
ramer-motion/dist/es/index.mj
s".
This is most likely 
unintended because it can 
break your application at 
runtime.
If you do want to 
externalize this module 
explicitly add it to
`build.rollupOptions.external
`
    at viteLog (file:///C:/Us
ers/akils/OneDrive/Desktop/ca
reer%20dev/career%20dev/node_
modules/vite/dist/node/chunks
/node.js:32887:57)
    at file:///C:/Users/akils
/OneDrive/Desktop/career%20de
v/career%20dev/node_modules/v
ite/dist/node/chunks/node.js:
32923:71
    at onwarn (file:///C:/Use
rs/akils/OneDrive/Desktop/car
eer%20dev/career%20dev/node_m
odules/@vitejs/plugin-react/d
ist/index.js:40:7)
    at file:///C:/Users/akils
/OneDrive/Desktop/career%20de
v/career%20dev/node_modules/v
ite/dist/node/chunks/node.js:
32923:28
    at onRollupLog (file:///C
:/Users/akils/OneDrive/Deskto
p/career%20dev/career%20dev/n
ode_modules/vite/dist/node/ch
unks/node.js:32918:63)
    at onLog (file:///C:/User
s/akils/OneDrive/Desktop/care
er%20dev/career%20dev/node_mo
dules/vite/dist/node/chunks/n
ode.js:32688:4)
    at file:///C:/Users/akils
/OneDrive/Desktop/career%20de
v/career%20dev/node_modules/r
olldown/dist/shared/rolldown-
build-4YnQkA76.mjs:49:26
    at logger (file:///C:/Use
rs/akils/OneDrive/Desktop/car
eer%20dev/career%20dev/node_m
odules/rolldown/dist/shared/r
olldown-build-4YnQkA76.mjs:40
:3)
    at onLog (file:///C:/User
s/akils/OneDrive/Desktop/care
er%20dev/career%20dev/node_mo
dules/rolldown/dist/shared/bi
ndingify-input-options-Cu7pt6
SZ.mjs:1945:32)[31m
    at aggregateBindingErrors
IntoJsError (file:///C:/Users
/akils/OneDrive/Desktop/caree
r%20dev/career%20dev/node_mod
ules/rolldown/dist/shared/err
or-CP8smW_P.mjs:48:18)
    at unwrapBindingResult (f
ile:///C:/Users/akils/OneDriv
e/Desktop/career%20dev/career
%20dev/node_modules/rolldown/
dist/shared/error-CP8smW_P.mj
s:18:128)
    at #build (file:///C:/Use
rs/akils/OneDrive/Desktop/car
eer%20dev/career%20dev/node_m
odules/rolldown/dist/shared/r
olldown-build-4YnQkA76.mjs:33
11:34)
    at async 
buildEnvironment (file:///C:/
Users/akils/OneDrive/Desktop/
career%20dev/career%20dev/nod
e_modules/vite/dist/node/chun
ks/node.js:32794:64)
    at async Object.build (fi
le:///C:/Users/akils/OneDrive
/Desktop/career%20dev/career%
20dev/node_modules/vite/dist/
node/chunks/node.js:33216:19)
    at async Object.buildApp 
(file:///C:/Users/akils/OneDr
ive/Desktop/career%20dev/care
er%20dev/node_modules/vite/di
st/node/chunks/node.js:33213:
153)
    at async CAC.<anonymous> 
(file:///C:/Users/akils/OneDr
ive/Desktop/career%20dev/care
er%20dev/node_modules/vite/di
st/node/cli.js:778:3) {
  errors: [Getter/Setter]
}[39m
